============================= test session starts =============================
platform win32 -- Python 3.13.5, pytest-7.4.3, pluggy-1.6.0 -- C:\Users\dell\anaconda3\python.exe
cachedir: .pytest_cache
rootdir: D:\kifyaAi\rag-complaint-chatbot
plugins: anyio-4.11.0, hydra-core-1.3.2, langsmith-0.5.2, cov-5.0.0
collecting ... collected 5 items

tests/test_unit.py::test_clean_text FAILED                               [ 20%]
tests/test_unit.py::test_config_integrity PASSED                         [ 40%]
tests/test_unit.py::test_create_chunks_logic PASSED                      [ 60%]
tests/test_unit.py::test_stratified_sampling_count PASSED                [ 80%]
tests/test_unit.py::test_vector_manager_initialization PASSED            [100%]

================================== FAILURES ===================================
_______________________________ test_clean_text _______________________________

    def test_clean_text():
        """Test the text cleaning utility."""
>       assert clean_text("I am writing to file a complaint. FIX THIS!") == "fix this!"
E       AssertionError: assert '. fix this!' == 'fix this!'
E         - fix this!
E         + . fix this!
E         ? ++

tests\test_unit.py:15: AssertionError
============================== warnings summary ===============================
<frozen importlib._bootstrap>:488
  <frozen importlib._bootstrap>:488: DeprecationWarning: builtin type SwigPyPacked has no __module__ attribute

<frozen importlib._bootstrap>:488
  <frozen importlib._bootstrap>:488: DeprecationWarning: builtin type SwigPyObject has no __module__ attribute

<frozen importlib._bootstrap>:488
  <frozen importlib._bootstrap>:488: DeprecationWarning: builtin type swigvarlink has no __module__ attribute

tests/test_unit.py::test_stratified_sampling_count
  D:\kifyaAi\rag-complaint-chatbot\src\data_processing.py:90: DeprecationWarning: DataFrameGroupBy.apply operated on the grouping columns. This behavior is deprecated, and in a future version of pandas the grouping columns will be excluded from the operation. Either pass `include_groups=False` to exclude the groupings or explicitly select the grouping columns after groupby to silence this warning.
    df_sampled = df.groupby('Product', group_keys=False).apply(

-- Docs: https://docs.pytest.org/en/stable/how-to/capture-warnings.html
=========================== short test summary info ===========================
FAILED tests/test_unit.py::test_clean_text - AssertionError: assert '. fix th...
================== 1 failed, 4 passed, 4 warnings in 11.25s ===================
